{"s":"<rejected: bytes contain a NUL byte>"}
{"s":"a\u0001z"}
{"s":"a\u0002z"}
{"s":"a\u0003z"}
{"s":"a\u0004z"}
{"s":"a\u0005z"}
{"s":"a\u0006z"}
{"s":"a\u0007z"}
{"s":"a\bz"}
{"s":"a\tz"}
{"s":"a\nz"}
{"s":"a\u000bz"}
{"s":"a\fz"}
{"s":"a\rz"}
{"s":"a\u000ez"}
{"s":"a\u000fz"}
{"s":"a\u0010z"}
{"s":"a\u0011z"}
{"s":"a\u0012z"}
{"s":"a\u0013z"}
{"s":"a\u0014z"}
{"s":"a\u0015z"}
{"s":"a\u0016z"}
{"s":"a\u0017z"}
{"s":"a\u0018z"}
{"s":"a\u0019z"}
{"s":"a\u001az"}
{"s":"a\u001bz"}
{"s":"a\u001cz"}
{"s":"a\u001dz"}
{"s":"a\u001ez"}
{"s":"a\u001fz"}
{"s":"az"}
{"s":"quote\" back\\ slash/ plain"}
{"s":"utf8 ä € 𝄞 日本"}
{"s":""}
{"i":-9223372036854775807,"i8v":-128,"u8v":255,"i16v":-32768,"u32v":4294967295,"u64v":18446744073709551615,"f":0.000000,"f32v":1.500000}
{"i":0,"i8v":127,"u8v":0,"i16v":32767,"u32v":0,"u64v":0,"f":-0.333333,"f32v":-0.250000}
{"i":1,"i8v":0,"u8v":1,"i16v":0,"u32v":1,"u64v":1,"f":1234567890.123456,"f32v":0.000000}
{"name":"n","tags":[],"on":false}
{"name":"n","tags":["a","b"],"opt":7,"on":true}
