0
0
42
-42
7
-7
9223372036854775807
-9223372036854775808
-9223372036854775808
-1
-2537764290115403777
None
None
None
None
None
None
None
None
None
None
-128
127
255
-32768
4294967295
-9223372036854775808
18446744073709551615
0.007812
0.023438
1000000000000000201206451102982726528510718396098215168041874281451248363566094127380437091120885218560535893448518937156814902254657735621103316739277277761931445311166038382034914278540775484328009936664744486969000697274111361486849523430568151310289152823685865144042626214886587669241994282008576.000000
-1000000000000000201206451102982726528510718396098215168041874281451248363566094127380437091120885218560535893448518937156814902254657735621103316739277277761931445311166038382034914278540775484328009936664744486969000697274111361486849523430568151310289152823685865144042626214886587669241994282008576.000000
0.000000
0.000000
-0.000000
inf
-inf
NaN
9.999999
123456789.123457
0.100000
0.010000
-2
44
9223372036854775807
-9223372036854775808
0
0
inf
9223372036854775808.000000
16777216.000000
