container A13456789012
container B23456789012
container C33456789012
container D43456789012
field     A13456789012
field     B23456789012
field     C33456789012
field     D43456789012
copy      A13456789012
copy      B23456789012
copy      C33456789012
copy      D43456789012
elemstore A13456789012
elemstore B23456789012
elemstore C33456789012
elemstore D43456789012
mapstore  A13456789012
mapstore  B23456789012
mapstore  C33456789012
mapstore  D43456789012
dropped   A13456789012
dropped   B23456789012
dropped   C33456789012
dropped   D43456789012
global    A13456789012
global    B23456789012
global    C33456789012
global    D43456789012
callee    A13456789012
callee    B23456789012
callee    C33456789012
callee    D43456789012
payload   A13456789012
payload   B23456789012
payload   C33456789012
payload   D43456789012
variant   A13456789012
variant   B23456789012
variant   C33456789012
variant   D43456789012
162
