1.000000
2.000000
3.000000
4.000000
0.000000
1.000000
2.000000
3.000000
0.000000
1.000000
2.000000
3.000000
0.000000
2.000000
2.000000
4.000000
-0.000000
-1.000000
-2.000000
-3.000000
-1.000000
-2.000000
-3.000000
-4.000000
-0.000000
-1.000000
-2.000000
-3.000000
-0.000000
-2.000000
-2.000000
-4.000000
5.000000
6.000000
7.000000
8.000000
4.000000
5.000000
6.000000
7.000000
4.000000
5.000000
6.000000
7.000000
4.000000
6.000000
6.000000
8.000000
-4.000000
-5.000000
-6.000000
-7.000000
-5.000000
-6.000000
-7.000000
-8.000000
-4.000000
-5.000000
-6.000000
-7.000000
-4.000000
-6.000000
-6.000000
-8.000000
0.000000
0.000000
0.000000
0.000000
0.000000
0.000000
0.000000
0.000000
0.500000
0.500000
1.000000
1.000000
-0.000000
-0.000000
0.000000
0.000000
-1.000000
-1.000000
0.000000
0.000000
-0.000000
-0.000000
0.000000
1.000000
-0.000000
-1.000000
0.000000
-0.000000
0.000000
-0.000000
0.000000
-0.000000
0.000000
-0.000000
0.000000
-0.000000
0.000000
-0.000000
0.000000
-0.000000
0.000000
-0.000000
NaN
1.000000
1.000000
1.000000
NaN
1.000000
1.000000
1.000000
NaN
1.000000
1.000000
1.000000
NaN
1.000000
1.000000
1.000000
1.000000
NaN
1.000000
1.000000
1.000000
NaN
1.000000
1.000000
1.000000
NaN
1.000000
1.000000
1.000000
NaN
1.000000
1.000000
1.000000
1.000000
NaN
1.000000
1.000000
1.000000
NaN
1.000000
1.000000
1.000000
NaN
1.000000
1.000000
1.000000
NaN
1.000000
1.000000
1.000000
1.000000
NaN
1.000000
1.000000
1.000000
NaN
1.000000
1.000000
1.000000
NaN
1.000000
1.000000
1.000000
NaN
inf
-inf
1.000000
-0.000000
inf
-inf
0.000000
-1.000000
inf
-inf
0.000000
-0.000000
inf
-inf
0.000000
-0.000000
NaN
inf
-inf
-0.000000
NaN
inf
-inf
-0.000000
NaN
inf
-inf
-0.000000
NaN
inf
-inf
-0.000000
16777216.000000
16777216.000000
16777216.000000
16777216.000000
16777216.000000
16777216.000000
16777216.000000
16777216.000000
16777216.000000
16777216.000000
16777216.000000
16777216.000000
16777216.000000
16777216.000000
16777216.000000
16777216.000000
-16777216.000000
-16777216.000000
-16777216.000000
-16777216.000000
-16777216.000000
-16777216.000000
-16777216.000000
-16777216.000000
-16777216.000000
-16777216.000000
-16777216.000000
-16777216.000000
-16777216.000000
-16777216.000000
-16777216.000000
-16777216.000000
16777215.000000
8388609.000000
8388608.000000
8388608.000000
16777215.000000
8388609.000000
8388608.000000
8388607.000000
16777215.000000
8388609.000000
8388608.000000
8388607.000000
16777215.000000
8388609.000000
8388608.000000
8388608.000000
0.000000
1.000000
2.000000
4.000000
true
false
true
