1.500000
2.500000
0.500000
1.500000
0.500000
1.000000
2.000000
4.000000
16777217.000000
16777217.000000
9007199254740992.000000
9007199254740992.000000
9007199254740992.000000
-0.000000
inf
-inf
0.000000
1.000000
NaN
2.000000
0.000000
NaN
NaN
1.000000
1.000000
NaN
NaN
NaN
-inf
NaN
NaN
inf
inf
NaN
9.000000
2.000000
7.000000
8.000000
1.000000
NaN
-1.000000
-2.000000
-0.000000
inf
0.000000
inf
-0.000000
0.000000
NaN
NaN
NaN
NaN
NaN
NaN
-0.000000
-0.000000
-0.000000
-0.000000
0.000000
0.000000
0.000000
0.000000
1.000000
1.000000
1.000000
inf
inf
-inf
-inf
1.414214
2.000000
-0.000000
0.000000
NaN
inf
NaN
0.000000
true
false
true
false
false
true
true
false
true
false
false
true
false
true
false
true
false
true
true
false
true
false
true
false
true
false
true
false
false
true
true
1.000000
2.000000
2.000000
3.000000
5.000000
6.000000
-0.000000
inf
2.000000
-0.000000
inf
5.000000
