1.500000
2.500000
3.500000
4.500000
0.500000
1.500000
2.500000
3.500000
0.500000
1.000000
1.500000
2.000000
2.000000
4.000000
6.000000
8.000000
16777216.000000
16777216.000000
16777216.000000
16777216.000000
-0.000000
inf
-inf
0.000000
1.000000
NaN
2.000000
2.000000
2.000000
0.000000
NaN
0.000000
0.000000
1.000000
1.000000
NaN
1.000000
1.000000
1.000000
1.000000
NaN
NaN
-inf
-inf
-inf
NaN
NaN
NaN
inf
inf
-inf
NaN
NaN
9.000000
2.000000
3.000000
4.000000
1.000000
NaN
3.000000
1.000000
7.000000
8.000000
9.000000
10.000000
-1.000000
-2.000000
-3.000000
-4.000000
0.000000
-0.000000
NaN
-inf
0.000000
0.000000
NaN
-inf
-0.000000
0.000000
-inf
0.000000
