1
2
3
4
10
10
10
10
7
8
9
10
1
2
-2147483648
4
11
12
13
14
-9
-8
-7
-6
10
20
30
40
-1
-2
-3
-4
-2147483648
-2147483648
-2147483648
-2147483648
-2147483648
2147483647
2147483647
2147483647
2147483647
2147483647
0
0
0
0
0
1
1
1
1
1
-2147483648
-2147483648
-2147483648
-2147483648
-2147483648
true
false
true
true
true
false
false
true
false
-2147483648
1
0
-1
1
2147483647
1
1
true
false
-2
-3
-4
-5
0
2
2
0
11
10
11
14
11
8
9
14
2147483647
-2147483648
-1
0
-1
-3
-3
-1
-1
-3
-3
-1
0
0
0
0
-1
-1
-1
-1
1
2
3
4
2
3
4
5
5
6
7
8
-2147483648
2147483647
0
-1
1
2
-2147483648
7
8
