10.000000
11.000000
12.000000
13.000000
13.000000
14.000000
15.000000
16.000000
10.000000
11.000000
1.000000
2.000000
3.000000
4.000000
16.000000
1.000000
2.000000
3.000000
4.000000
false
false
false
false
false
false
false
true
false
false
false
false
false
false
false
true
false
false
false
true
true
true
true
false
true
true
true
true
false
false
false
false
false
true
true
false
true
false
false
true
true
false
false
true
true
false
false
true
false
false
false
false
true
true
true
true
true
true
true
false
false
false
false
false
true
true
true
true
true
true
true
false
true
true
true
false
false
false
false
false
true
false
false
false
true
true
false
false
false
false
true
false
true
false
true
false
true
false
true
false
true
false
true
false
true
false
true
true
false
false
false
false
false
false
true
false
true
false
true
false
true
true
false
false
some but not all
NaN
1.000000
NaN
1.000000
7.000000
8.000000
7.000000
8.000000
NaN
NaN
NaN
1.000000
NaN
NaN
NaN
1.000000
-1.000000
-1.000000
-inf
-inf
1.000000
1.000000
inf
inf
-0.000000
-0.000000
-0.000000
0.000000
0.000000
0.000000
-0.000000
0.000000
0.000000
0.000000
-0.000000
0.000000
1.000000
0.000000
inf
NaN
2.000000
NaN
-0.000000
inf
0.000000
NaN
0.000000
1.414214
0.999997
